[2026-06-07 14:37:55] 起動
[2026-06-07 14:38:03] 終了 (exit 0)
[2026-06-08 07:08:10] 起動
[2026-06-08 07:08:16] 終了 (exit 0)
[2026-06-09 07:07:20] 起動
[2026-06-09 07:23:52] 終了 (exit 0)
[2026-06-10 07:05:32] 起動
[2026-06-10 07:08:14] 終了 (exit 0)
[2026-06-11 07:06:15] 起動
[2026-06-11 07:24:11] 終了 (exit 0)
[2026-06-12 07:07:43] 起動
[2026-06-12 07:24:05] 終了 (exit 0)
[2026-06-13 07:07:17] 起動
[2026-06-13 07:56:53] 終了 (exit 0)
[2026-06-14 07:07:25] 起動
[2026-06-14 07:22:39] 終了 (exit 0)
[2026-06-15 07:06:28] 起動
[2026-06-16 15:10:02] 終了 (exit 0)
[2026-06-22 00:06:58] 起動
[2026-06-22 00:07:15] 終了 (exit 0)
[2026-06-22 07:01:05] 起動
[2026-06-22 07:17:02] 終了 (exit 0)
[2026-06-23 07:02:15] 起動
[2026-06-23 07:35:11] 終了 (exit 0)
[2026-06-24 07:03:31] 起動
[2026-06-25 00:54:20] 終了 (exit 0)
[2026-06-25 07:07:21] 起動
[2026-06-25 07:24:12] 終了 (exit 0)
[2026-06-26 07:07:20] 起動
[2026-06-27 02:13:15] 終了 (exit 0)
[2026-06-27 07:05:54] 起動
[2026-06-27 07:05:56] 終了 (exit 0)
[2026-06-28 07:08:54] 起動
[2026-06-28 07:08:58] 終了 (exit 0)
[2026-06-29 07:06:01] 起動
[2026-06-29 07:06:05] 終了 (exit 0)
[2026-06-30 07:07:38] 起動
[2026-06-30 07:07:41] 終了 (exit 0)
[2026-07-01 07:07:34] 起動
[2026-07-01 07:47:39] 終了 (exit 0)
[2026-07-02 07:07:39] 起動
[2026-07-02 07:07:41] 終了 (exit 0)
[2026-07-03 07:05:58] 起動
[2026-07-03 07:06:00] 終了 (exit 0)
[2026-07-04 07:07:45] 起動
[2026-07-04 07:07:47] 終了 (exit 0)
[2026-07-05 07:06:56] 起動
[2026-07-05 07:06:59] 終了 (exit 0)
[2026-07-06 07:08:52] 起動
[2026-07-06 07:08:54] 終了 (exit 0)
[2026-07-07 07:06:33] 起動
[2026-07-07 07:06:35] 終了 (exit 0)
[2026-07-08 07:06:19] 起動
[2026-07-08 07:06:23] 終了 (exit 0)
[2026-07-09 07:05:17] 起動
[2026-07-09 07:05:19] 終了 (exit 0)
[2026-07-10 07:06:20] 起動
[2026-07-10 07:06:22] 終了 (exit 0)
[2026-07-11 07:05:11] 起動
[2026-07-11 07:05:14] 終了 (exit 0)
[2026-07-12 07:07:44] 起動
[2026-07-12 07:07:46] 終了 (exit 0)
[2026-07-13 07:07:52] 起動
[2026-07-13 07:07:56] 終了 (exit 0)
[2026-07-14 07:05:43] 起動
[2026-07-14 07:05:47] 終了 (exit 0)
[2026-07-15 07:09:04] 起動
[2026-07-15 07:09:07] 終了 (exit 0)
[2026-07-16 07:07:33] 起動
[2026-07-16 07:07:36] 終了 (exit 0)
[2026-07-17 07:06:38] 起動
[2026-07-17 07:06:42] 終了 (exit 0)
[2026-07-18 07:06:11] 起動
[2026-07-18 07:06:13] 終了 (exit 0)
[2026-07-20 16:03:17] 起動
[2026-07-20 16:03:22] 終了 (exit 0)
[2026-07-21 07:07:35] 起動
[2026-07-21 07:07:41] 終了 (exit 0)
[2026-07-22 07:06:14] 起動
[2026-07-22 07:06:24] 終了 (exit 0)
[2026-07-23 07:05:29] 起動
[2026-07-23 21:08:25] 終了 (exit 0)
[2026-07-24 06:55:40] 起動
[2026-07-24 16:06:24] 終了 (exit 0)
[2026-07-25 07:06:15] 起動
[2026-07-25 07:39:38] 終了 (exit 0)
[2026-07-26 07:07:42] 起動
[2026-07-27 00:07:18] 終了 (exit 0)
[2026-07-27 07:06:22] 起動
[2026-07-27 07:22:22] 終了 (exit 0)
[2026-07-28 07:05:32] 起動
[2026-07-28 07:21:07] 終了 (exit 0)
[2026-07-29 07:06:16] 起動
[2026-07-29 10:54:27] 終了 (exit 0)
[2026-07-30 07:07:03] 起動
[2026-07-30 11:05:24] 終了 (exit 0)
[2026-07-31 07:07:59] 起動
[2026-07-31 07:18:08] 終了 (exit 0)
[2026-08-01 07:06:29] 起動
[2026-08-01 07:06:39] 終了 (exit 0)
[2026-08-02 07:07:06] 起動
[2026-08-02 10:26:45] 終了 (exit 0)
[2026-08-03 07:06:07] 起動
[2026-08-03 07:06:12] 終了 (exit 0)
[2026-08-04 07:06:56] 起動
[2026-08-04 07:07:01] 終了 (exit 0)
[2026-08-05 07:07:12] 起動
[2026-08-05 07:07:14] 終了 (exit 0)
[2026-08-06 07:06:18] 起動
[2026-08-06 07:06:21] 終了 (exit 0)
[2026-08-07 07:07:05] 起動
From https://github.com/FTechJapan/rakuten-affiliate-bot
 * branch            main       -> FETCH_HEAD
   331c099..7af5c7c  main       -> origin/main
Updating 331c099..7af5c7c
Fast-forward
 link-page/all_products.json | 47 ++++++++++++++++++++++++++++++++++++++++++++-
 posted_items.json           |  2 +-
 2 files changed, 47 insertions(+), 2 deletions(-)
[git_sync_json] products.json をpushしました（1回目で成功）
[git_sync_json] posted_items.json をpushしました（1回目で成功）
商品取得開始...
[Git] 最新データをpullしました
[重複防止] 過去の投稿済み商品: 166件
[スプレッドシート] 95件のURLを取得
[スプレッドシート] 未投稿URL: 9件
[取得中] https://brandavenue.rakuten.co.jp/item/SG7319/?scid=af_pc_room_pc_id_reg&sc2id=af_101_0_0
[URL解析] 失敗: https://brandavenue.rakuten.co.jp/item/SG7319/?scid=af_pc_room_pc_id_reg&sc2id=af_101_0_0
[取得中] https://brandavenue.rakuten.co.jp/item/RS1395/?scid=af_pc_room_pc_id_offi&sc2id=af_101_0_0
[URL解析] 失敗: https://brandavenue.rakuten.co.jp/item/RS1395/?scid=af_pc_room_pc_id_offi&sc2id=af_101_0_0
[取得中] https://item.rakuten.co.jp/zen-you/pebc-ctdstbn/?scid=af_pc_room_pc_id_reg&sc2id=af_101_0_0
[取得完了] PUEBCO (プエブコ) COUNTER TOP DUSTBIN / カウンタ / ¥3,850
[取得中] https://item.rakuten.co.jp/zen-you/pebc-clr/?scid=af_pc_room_pc_id_reg&sc2id=af_101_0_0
[取得完了] PUEBCO (プエブコ) CLEANING LINT ROLLER / クリー / ¥2,200
[取得中] https://item.rakuten.co.jp/zen-you/pebc-2way-ts/?scid=af_pc_room_pc_id_reg&sc2id=af_101_0_0
[取得完了] PUEBCO (プエブコ) 2-WAY TISSUE SLEEVE / アルミニ / ¥2,200
3件の商品をproducts.jsonに保存しました
GitHubにpushしました → GitHub Actionsが自動起動します
[2026-08-07 07:38:30] 終了 (exit 0)
[2026-08-09 00:30:44] 起動
From https://github.com/FTechJapan/rakuten-affiliate-bot
 * branch            main       -> FETCH_HEAD
Updating a085058..2e4a477
Fast-forward
 link-page/all_products.json | 45 +++++++++++++++++++++++++++++++++++++++++++++
 posted_items.json           |  2 +-
 2 files changed, 46 insertions(+), 1 deletion(-)
[git_sync_json] products.json をpushしました（1回目で成功）
[git_sync_json] posted_items.json をpushしました（1回目で成功）
商品取得開始...
[Git] 最新データをpullしました
[重複防止] 過去の投稿済み商品: 172件
[スプレッドシート] 1314件のURLを取得
[スプレッドシート] 未投稿URL: 1225件
[取得中] https://brandavenue.rakuten.co.jp/item/SG7319/?scid=af_pc_room_pc_id_reg&sc2id=af_101_0_0
[URL解析] 失敗: https://brandavenue.rakuten.co.jp/item/SG7319/?scid=af_pc_room_pc_id_reg&sc2id=af_101_0_0
[取得中] https://brandavenue.rakuten.co.jp/item/RS1395/?scid=af_pc_room_pc_id_offi&sc2id=af_101_0_0
[URL解析] 失敗: https://brandavenue.rakuten.co.jp/item/RS1395/?scid=af_pc_room_pc_id_offi&sc2id=af_101_0_0
[取得中] https://item.rakuten.co.jp/crouka/apfr-closet-tag/?scid=af_pc_room_pc_id_reg&sc2id=af_101_0_0
[取得完了] アポテーケ APFR クローゼット タグ CLOSET TAG 香り 芳香剤 吊 / ¥2,530
[取得中] https://item.rakuten.co.jp/hauhau/ymj-10699/?scid=room_pc_id_shop
[取得完了] 山崎実業 仕切りが動く密閉ピルケース タワー 公式 tower 10699 10 / ¥1,276
[取得中] https://brandavenue.rakuten.co.jp/item/HP2578/?scid=af_pc_room_pc_id_reg&sc2id=af_101_0_0
[URL解析] 失敗: https://brandavenue.rakuten.co.jp/item/HP2578/?scid=af_pc_room_pc_id_reg&sc2id=af_101_0_0
[取得中] https://item.rakuten.co.jp/ignis/2409sd860/?scid=af_pc_room_pc_id_offi&sc2id=af_101_0_0
[取得完了] 【15％OFF 全品対象】【特典付】ランドリーバスケット キャスター付き 大容量 / ¥5,980
3件の商品をproducts.jsonに保存しました
GitHubにpushしました → GitHub Actionsが自動起動します
[2026-08-09 00:30:58] 終了 (exit 0)
